Copyright 1986-2022 Xilinx, Inc. All Rights Reserved.
-------------------------------------------------------------------------------------------
| Tool Version : Vivado v.2022.2 (win64) Build 3671981 Fri Oct 14 05:00:03 MDT 2022
| Date         : Wed Oct 30 14:26:57 2024
| Host         : cop running 64-bit major release  (build 9200)
| Command      : report_control_sets -verbose -file risc32_wrapper_control_sets_placed.rpt
| Design       : risc32_wrapper
| Device       : xc7a100t
-------------------------------------------------------------------------------------------

Control Set Information

Table of Contents
-----------------
1. Summary
2. Histogram
3. Flip-Flop Distribution
4. Detailed Control Set Information

1. Summary
----------

+----------------------------------------------------------+-------+
|                          Status                          | Count |
+----------------------------------------------------------+-------+
| Total control sets                                       |     3 |
|    Minimum number of control sets                        |     3 |
|    Addition due to synthesis replication                 |     0 |
|    Addition due to physical synthesis replication        |     0 |
| Unused register locations in slices containing registers |     2 |
+----------------------------------------------------------+-------+
* Control sets can be merged at opt_design using control_set_merge or merge_equivalent_drivers
** Run report_qor_suggestions for automated merging and remapping suggestions


2. Histogram
------------

+--------------------+-------+
|       Fanout       | Count |
+--------------------+-------+
| Total control sets |     3 |
| >= 0 to < 4        |     0 |
| >= 4 to < 6        |     0 |
| >= 6 to < 8        |     0 |
| >= 8 to < 10       |     1 |
| >= 10 to < 12      |     0 |
| >= 12 to < 14      |     0 |
| >= 14 to < 16      |     0 |
| >= 16              |     2 |
+--------------------+-------+
* Control sets can be remapped at either synth_design or opt_design


3. Flip-Flop Distribution
-------------------------

+--------------+-----------------------+------------------------+-----------------+--------------+
| Clock Enable | Synchronous Set/Reset | Asynchronous Set/Reset | Total Registers | Total Slices |
+--------------+-----------------------+------------------------+-----------------+--------------+
| No           | No                    | No                     |               0 |            0 |
| No           | No                    | Yes                    |              46 |           13 |
| No           | Yes                   | No                     |               0 |            0 |
| Yes          | No                    | No                     |               0 |            0 |
| Yes          | No                    | Yes                    |               0 |            0 |
| Yes          | Yes                   | No                     |               0 |            0 |
+--------------+-----------------------+------------------------+-----------------+--------------+


4. Detailed Control Set Information
-----------------------------------

+-----------------------------------+---------------------------+---------------------------------------+------------------+----------------+--------------+
|            Clock Signal           |       Enable Signal       |            Set/Reset Signal           | Slice Load Count | Bel Load Count | Bels / Slice |
+-----------------------------------+---------------------------+---------------------------------------+------------------+----------------+--------------+
|  clk_IBUF_BUFG                    |                           | risc32_i/pc_0/inst/q[31]_i_1_n_0      |                2 |              8 |         4.00 |
|  risc32_i/clk_wiz_0/inst/clk_out1 |                           | risc32_i/segment_0/inst/AN[7]_i_2_n_0 |               11 |             38 |         3.45 |
|  clk_IBUF_BUFG                    | risc32_i/imem_0/inst_o[4] |                                       |               11 |             88 |         8.00 |
+-----------------------------------+---------------------------+---------------------------------------+------------------+----------------+--------------+


