INFO: [VRFC 10-2263] Analyzing Verilog file "D:/lab3_risc_skel/lab3_risc.srcs/sources_1/new/adder.v" into library xil_defaultlib
INFO: [VRFC 10-311] analyzing module adder
INFO: [VRFC 10-2263] Analyzing Verilog file "D:/lab3_risc_skel/lab3_risc.srcs/sources_1/new/slice_inst.v" into library xil_defaultlib
INFO: [VRFC 10-311] analyzing module slice_inst
INFO: [VRFC 10-2263] Analyzing Verilog file "D:/lab3_risc_skel/lab3_risc.srcs/sources_1/new/cancat_control.v" into library xil_defaultlib
INFO: [VRFC 10-311] analyzing module cancat_control
INFO: [VRFC 10-2263] Analyzing Verilog file "D:/lab3_risc_skel/lab3_risc.srcs/sources_1/new/control_rom.v" into library xil_defaultlib
INFO: [VRFC 10-311] analyzing module control_rom
INFO: [VRFC 10-2263] Analyzing Verilog file "D:/lab3_risc_skel/lab3_risc.srcs/sources_1/new/imem.v" into library xil_defaultlib
INFO: [VRFC 10-311] analyzing module imem
INFO: [VRFC 10-2263] Analyzing Verilog file "D:/lab3_risc_skel/lab3_risc.srcs/sources_1/new/segment.v" into library xil_defaultlib
INFO: [VRFC 10-311] analyzing module segment
INFO: [VRFC 10-2263] Analyzing Verilog file "D:/lab3_risc_skel/lab3_risc.srcs/sources_1/new/pc.v" into library xil_defaultlib
INFO: [VRFC 10-311] analyzing module pc
INFO: [VRFC 10-2263] Analyzing Verilog file "D:/lab3_risc_skel/lab3_risc.srcs/sources_1/new/alu32.v" into library xil_defaultlib
INFO: [VRFC 10-311] analyzing module alu32
INFO: [VRFC 10-2263] Analyzing Verilog file "D:/lab3_risc_skel/lab3_risc.srcs/sources_1/new/regfile.v" into library xil_defaultlib
INFO: [VRFC 10-311] analyzing module regfile
INFO: [VRFC 10-2263] Analyzing Verilog file "D:/lab3_risc_skel/lab3_risc.srcs/sources_1/new/concat_imm.v" into library xil_defaultlib
INFO: [VRFC 10-311] analyzing module concat_imm
INFO: [VRFC 10-2263] Analyzing Verilog file "D:/lab3_risc_skel/lab3_risc.srcs/sources_1/new/MUX_20b_2_to_1.v" into library xil_defaultlib
INFO: [VRFC 10-311] analyzing module MUX_20b_2_to_1
INFO: [VRFC 10-2263] Analyzing Verilog file "D:/lab3_risc_skel/lab3_risc.srcs/sources_1/new/MUX_32b_2_to_1.v" into library xil_defaultlib
INFO: [VRFC 10-311] analyzing module MUX_32b_2_to_1
INFO: [VRFC 10-2263] Analyzing Verilog file "D:/lab3_risc_skel/lab3_risc.srcs/sources_1/new/dmem.v" into library xil_defaultlib
INFO: [VRFC 10-311] analyzing module dmem
INFO: [VRFC 10-2263] Analyzing Verilog file "D:/lab3_risc_skel/lab3_risc.srcs/sources_1/new/MUX_5b_2_to_1.v" into library xil_defaultlib
INFO: [VRFC 10-311] analyzing module MUX_5b_2_to_1
INFO: [VRFC 10-2263] Analyzing Verilog file "D:/lab3_risc_skel/lab3_risc.ip_user_files/bd/risc32/ip/risc32_adder_0_0/sim/risc32_adder_0_0.v" into library xil_defaultlib
INFO: [VRFC 10-311] analyzing module risc32_adder_0_0
INFO: [VRFC 10-2263] Analyzing Verilog file "D:/lab3_risc_skel/lab3_risc.ip_user_files/bd/risc32/ip/risc32_xlconstant_0_0/sim/risc32_xlconstant_0_0.v" into library xil_defaultlib
INFO: [VRFC 10-311] analyzing module risc32_xlconstant_0_0
INFO: [VRFC 10-2263] Analyzing Verilog file "D:/lab3_risc_skel/lab3_risc.ip_user_files/bd/risc32/ip/risc32_slice_inst_0_0/sim/risc32_slice_inst_0_0.v" into library xil_defaultlib
INFO: [VRFC 10-311] analyzing module risc32_slice_inst_0_0
INFO: [VRFC 10-2263] Analyzing Verilog file "D:/lab3_risc_skel/lab3_risc.ip_user_files/bd/risc32/ip/risc32_cancat_control_0_0/sim/risc32_cancat_control_0_0.v" into library xil_defaultlib
INFO: [VRFC 10-311] analyzing module risc32_cancat_control_0_0
INFO: [VRFC 10-2263] Analyzing Verilog file "D:/lab3_risc_skel/lab3_risc.ip_user_files/bd/risc32/ip/risc32_control_rom_0_0/sim/risc32_control_rom_0_0.v" into library xil_defaultlib
INFO: [VRFC 10-311] analyzing module risc32_control_rom_0_0
INFO: [VRFC 10-2263] Analyzing Verilog file "D:/lab3_risc_skel/lab3_risc.ip_user_files/bd/risc32/ip/risc32_imem_0_0/sim/risc32_imem_0_0.v" into library xil_defaultlib
INFO: [VRFC 10-311] analyzing module risc32_imem_0_0
INFO: [VRFC 10-2263] Analyzing Verilog file "D:/lab3_risc_skel/lab3_risc.ip_user_files/bd/risc32/ip/risc32_segment_0_0/sim/risc32_segment_0_0.v" into library xil_defaultlib
INFO: [VRFC 10-311] analyzing module risc32_segment_0_0
INFO: [VRFC 10-2263] Analyzing Verilog file "D:/lab3_risc_skel/lab3_risc.ip_user_files/bd/risc32/ip/risc32_clk_wiz_0_0/risc32_clk_wiz_0_0_clk_wiz.v" into library xil_defaultlib
INFO: [VRFC 10-311] analyzing module risc32_clk_wiz_0_0_clk_wiz
INFO: [VRFC 10-2263] Analyzing Verilog file "D:/lab3_risc_skel/lab3_risc.ip_user_files/bd/risc32/ip/risc32_clk_wiz_0_0/risc32_clk_wiz_0_0.v" into library xil_defaultlib
INFO: [VRFC 10-311] analyzing module risc32_clk_wiz_0_0
INFO: [VRFC 10-2263] Analyzing Verilog file "D:/lab3_risc_skel/lab3_risc.ip_user_files/bd/risc32/ip/risc32_pc_0_0/sim/risc32_pc_0_0.v" into library xil_defaultlib
INFO: [VRFC 10-311] analyzing module risc32_pc_0_0
INFO: [VRFC 10-2263] Analyzing Verilog file "D:/lab3_risc_skel/lab3_risc.ip_user_files/bd/risc32/ip/risc32_alu32_0_0/sim/risc32_alu32_0_0.v" into library xil_defaultlib
INFO: [VRFC 10-311] analyzing module risc32_alu32_0_0
INFO: [VRFC 10-2263] Analyzing Verilog file "D:/lab3_risc_skel/lab3_risc.ip_user_files/bd/risc32/ip/risc32_regfile_0_0/sim/risc32_regfile_0_0.v" into library xil_defaultlib
INFO: [VRFC 10-311] analyzing module risc32_regfile_0_0
INFO: [VRFC 10-2263] Analyzing Verilog file "D:/lab3_risc_skel/lab3_risc.ip_user_files/bd/risc32/ip/risc32_concat_imm_0_0/sim/risc32_concat_imm_0_0.v" into library xil_defaultlib
INFO: [VRFC 10-311] analyzing module risc32_concat_imm_0_0
INFO: [VRFC 10-2263] Analyzing Verilog file "D:/lab3_risc_skel/lab3_risc.ip_user_files/bd/risc32/ip/risc32_MUX_20b_2_to_1_0_0/sim/risc32_MUX_20b_2_to_1_0_0.v" into library xil_defaultlib
INFO: [VRFC 10-311] analyzing module risc32_MUX_20b_2_to_1_0_0
INFO: [VRFC 10-2263] Analyzing Verilog file "D:/lab3_risc_skel/lab3_risc.ip_user_files/bd/risc32/ip/risc32_xlconstant_1_0/sim/risc32_xlconstant_1_0.v" into library xil_defaultlib
INFO: [VRFC 10-311] analyzing module risc32_xlconstant_1_0
INFO: [VRFC 10-2263] Analyzing Verilog file "D:/lab3_risc_skel/lab3_risc.ip_user_files/bd/risc32/ip/risc32_xlconstant_2_0/sim/risc32_xlconstant_2_0.v" into library xil_defaultlib
INFO: [VRFC 10-311] analyzing module risc32_xlconstant_2_0
INFO: [VRFC 10-2263] Analyzing Verilog file "D:/lab3_risc_skel/lab3_risc.ip_user_files/bd/risc32/ip/risc32_MUX_32b_2_to_1_0_0/sim/risc32_MUX_32b_2_to_1_0_0.v" into library xil_defaultlib
INFO: [VRFC 10-311] analyzing module risc32_MUX_32b_2_to_1_0_0
INFO: [VRFC 10-2263] Analyzing Verilog file "D:/lab3_risc_skel/lab3_risc.ip_user_files/bd/risc32/ip/risc32_dmem_0_0/sim/risc32_dmem_0_0.v" into library xil_defaultlib
INFO: [VRFC 10-311] analyzing module risc32_dmem_0_0
INFO: [VRFC 10-2263] Analyzing Verilog file "D:/lab3_risc_skel/lab3_risc.ip_user_files/bd/risc32/ip/risc32_MUX_32b_2_to_1_1_0/sim/risc32_MUX_32b_2_to_1_1_0.v" into library xil_defaultlib
INFO: [VRFC 10-311] analyzing module risc32_MUX_32b_2_to_1_1_0
INFO: [VRFC 10-2263] Analyzing Verilog file "D:/lab3_risc_skel/lab3_risc.ip_user_files/bd/risc32/ip/risc32_MUX_5b_2_to_1_0_1/sim/risc32_MUX_5b_2_to_1_0_1.v" into library xil_defaultlib
INFO: [VRFC 10-311] analyzing module risc32_MUX_5b_2_to_1_0_1
INFO: [VRFC 10-2263] Analyzing Verilog file "D:/lab3_risc_skel/lab3_risc.ip_user_files/bd/risc32/sim/risc32.v" into library xil_defaultlib
INFO: [VRFC 10-311] analyzing module risc32
INFO: [VRFC 10-2263] Analyzing Verilog file "D:/lab3_risc_skel/lab3_risc.gen/sources_1/bd/risc32/hdl/risc32_wrapper.v" into library xil_defaultlib
INFO: [VRFC 10-311] analyzing module risc32_wrapper
INFO: [VRFC 10-2263] Analyzing Verilog file "D:/lab3_risc_skel/lab3_risc.srcs/sim_1/new/risc32_tb.v" into library xil_defaultlib
INFO: [VRFC 10-311] analyzing module risc32_tb
