Analysis & Synthesis report for risc5
Wed Oct 18 16:56:05 2023
Quartus II Version 9.0 Build 132 02/25/2009 SJ Full Version


---------------------
; Table of Contents ;
---------------------
  1. Legal Notice
  2. Analysis & Synthesis Summary
  3. Analysis & Synthesis Settings
  4. Analysis & Synthesis Source Files Read
  5. Analysis & Synthesis Resource Usage Summary
  6. Analysis & Synthesis Resource Utilization by Entity
  7. Registers Removed During Synthesis
  8. General Register Statistics
  9. Multiplexer Restructuring Statistics (Restructuring Performed)
 10. Parameter Settings for User Entity Instance: lpm_dff2:inst2|lpm_ff:lpm_ff_component
 11. Parameter Settings for User Entity Instance: lpm_mux8:inst7|lpm_mux:lpm_mux_component
 12. Parameter Settings for User Entity Instance: lpm_mux9:inst8|lpm_mux:lpm_mux_component
 13. Analysis & Synthesis Messages



----------------
; Legal Notice ;
----------------
Copyright (C) 1991-2009 Altera Corporation
Your use of Altera Corporation's design tools, logic functions 
and other software and tools, and its AMPP partner logic 
functions, and any output files from any of the foregoing 
(including device programming or simulation files), and any 
associated documentation or information are expressly subject 
to the terms and conditions of the Altera Program License 
Subscription Agreement, Altera MegaCore Function License 
Agreement, or other applicable license agreement, including, 
without limitation, that your use is for the sole purpose of 
programming logic devices manufactured by Altera and sold by 
Altera or its authorized distributors.  Please refer to the 
applicable agreement for further details.



+-------------------------------------------------------------------------------+
; Analysis & Synthesis Summary                                                  ;
+------------------------------------+------------------------------------------+
; Analysis & Synthesis Status        ; Successful - Wed Oct 18 16:56:05 2023    ;
; Quartus II Version                 ; 9.0 Build 132 02/25/2009 SJ Full Version ;
; Revision Name                      ; risc5                                    ;
; Top-level Entity Name              ; risc5                                    ;
; Family                             ; Cyclone III                              ;
; Total logic elements               ; 342                                      ;
;     Total combinational functions  ; 246                                      ;
;     Dedicated logic registers      ; 158                                      ;
; Total registers                    ; 158                                      ;
; Total pins                         ; 69                                       ;
; Total virtual pins                 ; 0                                        ;
; Total memory bits                  ; 0                                        ;
; Embedded Multiplier 9-bit elements ; 0                                        ;
; Total PLLs                         ; 0                                        ;
+------------------------------------+------------------------------------------+


+----------------------------------------------------------------------------------------------------------+
; Analysis & Synthesis Settings                                                                            ;
+----------------------------------------------------------------+--------------------+--------------------+
; Option                                                         ; Setting            ; Default Value      ;
+----------------------------------------------------------------+--------------------+--------------------+
; Device                                                         ; EP3C40Q240C8       ;                    ;
; Top-level entity name                                          ; risc5              ; risc5              ;
; Family name                                                    ; Cyclone III        ; Stratix II         ;
; Use Generated Physical Constraints File                        ; Off                ;                    ;
; Use smart compilation                                          ; Off                ; Off                ;
; Restructure Multiplexers                                       ; Auto               ; Auto               ;
; Create Debugging Nodes for IP Cores                            ; Off                ; Off                ;
; Preserve fewer node names                                      ; On                 ; On                 ;
; Disable OpenCore Plus hardware evaluation                      ; Off                ; Off                ;
; Verilog Version                                                ; Verilog_2001       ; Verilog_2001       ;
; VHDL Version                                                   ; VHDL93             ; VHDL93             ;
; State Machine Processing                                       ; Auto               ; Auto               ;
; Safe State Machine                                             ; Off                ; Off                ;
; Extract Verilog State Machines                                 ; On                 ; On                 ;
; Extract VHDL State Machines                                    ; On                 ; On                 ;
; Ignore Verilog initial constructs                              ; Off                ; Off                ;
; Iteration limit for constant Verilog loops                     ; 5000               ; 5000               ;
; Iteration limit for non-constant Verilog loops                 ; 250                ; 250                ;
; Add Pass-Through Logic to Inferred RAMs                        ; On                 ; On                 ;
; Parallel Synthesis                                             ; Off                ; Off                ;
; DSP Block Balancing                                            ; Auto               ; Auto               ;
; NOT Gate Push-Back                                             ; On                 ; On                 ;
; Power-Up Don't Care                                            ; On                 ; On                 ;
; Remove Redundant Logic Cells                                   ; Off                ; Off                ;
; Remove Duplicate Registers                                     ; On                 ; On                 ;
; Ignore CARRY Buffers                                           ; Off                ; Off                ;
; Ignore CASCADE Buffers                                         ; Off                ; Off                ;
; Ignore GLOBAL Buffers                                          ; Off                ; Off                ;
; Ignore ROW GLOBAL Buffers                                      ; Off                ; Off                ;
; Ignore LCELL Buffers                                           ; Off                ; Off                ;
; Ignore SOFT Buffers                                            ; On                 ; On                 ;
; Limit AHDL Integers to 32 Bits                                 ; Off                ; Off                ;
; Optimization Technique                                         ; Balanced           ; Balanced           ;
; Carry Chain Length                                             ; 70                 ; 70                 ;
; Auto Carry Chains                                              ; On                 ; On                 ;
; Auto Open-Drain Pins                                           ; On                 ; On                 ;
; Perform WYSIWYG Primitive Resynthesis                          ; Off                ; Off                ;
; Auto ROM Replacement                                           ; On                 ; On                 ;
; Auto RAM Replacement                                           ; On                 ; On                 ;
; Auto DSP Block Replacement                                     ; On                 ; On                 ;
; Auto Shift Register Replacement                                ; Auto               ; Auto               ;
; Auto Clock Enable Replacement                                  ; On                 ; On                 ;
; Strict RAM Replacement                                         ; Off                ; Off                ;
; Allow Synchronous Control Signals                              ; On                 ; On                 ;
; Force Use of Synchronous Clear Signals                         ; Off                ; Off                ;
; Auto RAM Block Balancing                                       ; On                 ; On                 ;
; Auto RAM to Logic Cell Conversion                              ; Off                ; Off                ;
; Auto Resource Sharing                                          ; Off                ; Off                ;
; Allow Any RAM Size For Recognition                             ; Off                ; Off                ;
; Allow Any ROM Size For Recognition                             ; Off                ; Off                ;
; Allow Any Shift Register Size For Recognition                  ; Off                ; Off                ;
; Use LogicLock Constraints during Resource Balancing            ; On                 ; On                 ;
; Ignore translate_off and synthesis_off directives              ; Off                ; Off                ;
; Timing-Driven Synthesis                                        ; Off                ; Off                ;
; Show Parameter Settings Tables in Synthesis Report             ; On                 ; On                 ;
; Ignore Maximum Fan-Out Assignments                             ; Off                ; Off                ;
; Synchronization Register Chain Length                          ; 2                  ; 2                  ;
; PowerPlay Power Optimization                                   ; Normal compilation ; Normal compilation ;
; HDL message level                                              ; Level2             ; Level2             ;
; Suppress Register Optimization Related Messages                ; Off                ; Off                ;
; Number of Removed Registers Reported in Synthesis Report       ; 100                ; 100                ;
; Number of Inverted Registers Reported in Synthesis Report      ; 100                ; 100                ;
; Clock MUX Protection                                           ; On                 ; On                 ;
; Auto Gated Clock Conversion                                    ; Off                ; Off                ;
; Block Design Naming                                            ; Auto               ; Auto               ;
; SDC constraint protection                                      ; Off                ; Off                ;
; Synthesis Effort                                               ; Auto               ; Auto               ;
; Allows Asynchronous Clear Usage For Shift Register Replacement ; On                 ; On                 ;
; Analysis & Synthesis Message Level                             ; Medium             ; Medium             ;
+----------------------------------------------------------------+--------------------+--------------------+


+---------------------------------------------------------------------------------------------------------------------------------------------------------+
; Analysis & Synthesis Source Files Read                                                                                                                  ;
+----------------------------------+-----------------+------------------------------------+---------------------------------------------------------------+
; File Name with User-Entered Path ; Used in Netlist ; File Type                          ; File Name with Absolute Path                                  ;
+----------------------------------+-----------------+------------------------------------+---------------------------------------------------------------+
; alu32.v                          ; yes             ; User Verilog HDL File              ; F:/210063002026/lab3/lab3_skel/alu32.v                        ;
; imem.v                           ; yes             ; User Verilog HDL File              ; F:/210063002026/lab3/lab3_skel/imem.v                         ;
; regfile.v                        ; yes             ; User Verilog HDL File              ; F:/210063002026/lab3/lab3_skel/regfile.v                      ;
; risc5.bdf                        ; yes             ; User Block Diagram/Schematic File  ; F:/210063002026/lab3/lab3_skel/risc5.bdf                      ;
; control_rom.v                    ; yes             ; User Verilog HDL File              ; F:/210063002026/lab3/lab3_skel/control_rom.v                  ;
; lpm_dff2.v                       ; yes             ; User Wizard-Generated File         ; F:/210063002026/lab3/lab3_skel/lpm_dff2.v                     ;
; lpm_constant2.v                  ; yes             ; User Wizard-Generated File         ; F:/210063002026/lab3/lab3_skel/lpm_constant2.v                ;
; lpm_mux8.v                       ; yes             ; User Wizard-Generated File         ; F:/210063002026/lab3/lab3_skel/lpm_mux8.v                     ;
; lpm_mux9.v                       ; yes             ; User Wizard-Generated File         ; F:/210063002026/lab3/lab3_skel/lpm_mux9.v                     ;
; lpm_ff.tdf                       ; yes             ; Megafunction                       ; c:/altera/90/quartus/libraries/megafunctions/lpm_ff.tdf       ;
; lpm_constant.inc                 ; yes             ; Megafunction                       ; c:/altera/90/quartus/libraries/megafunctions/lpm_constant.inc ;
; aglobal90.inc                    ; yes             ; Megafunction                       ; c:/altera/90/quartus/libraries/megafunctions/aglobal90.inc    ;
; lpm_mux.tdf                      ; yes             ; Megafunction                       ; c:/altera/90/quartus/libraries/megafunctions/lpm_mux.tdf      ;
; muxlut.inc                       ; yes             ; Megafunction                       ; c:/altera/90/quartus/libraries/megafunctions/muxlut.inc       ;
; bypassff.inc                     ; yes             ; Megafunction                       ; c:/altera/90/quartus/libraries/megafunctions/bypassff.inc     ;
; altshift.inc                     ; yes             ; Megafunction                       ; c:/altera/90/quartus/libraries/megafunctions/altshift.inc     ;
; db/mux_irc.tdf                   ; yes             ; Auto-Generated Megafunction        ; F:/210063002026/lab3/lab3_skel/db/mux_irc.tdf                 ;
; db/mux_frc.tdf                   ; yes             ; Auto-Generated Megafunction        ; F:/210063002026/lab3/lab3_skel/db/mux_frc.tdf                 ;
+----------------------------------+-----------------+------------------------------------+---------------------------------------------------------------+


+---------------------------------------------------------+
; Analysis & Synthesis Resource Usage Summary             ;
+---------------------------------------------+-----------+
; Resource                                    ; Usage     ;
+---------------------------------------------+-----------+
; Estimated Total logic elements              ; 342       ;
;                                             ;           ;
; Total combinational functions               ; 246       ;
; Logic element usage by number of LUT inputs ;           ;
;     -- 4 input functions                    ; 133       ;
;     -- 3 input functions                    ; 55        ;
;     -- <=2 input functions                  ; 58        ;
;                                             ;           ;
; Logic elements by mode                      ;           ;
;     -- normal mode                          ; 187       ;
;     -- arithmetic mode                      ; 59        ;
;                                             ;           ;
; Total registers                             ; 158       ;
;     -- Dedicated logic registers            ; 158       ;
;     -- I/O registers                        ; 0         ;
;                                             ;           ;
; I/O pins                                    ; 69        ;
; Maximum fan-out node                        ; clk~input ;
; Maximum fan-out                             ; 158       ;
; Total fan-out                               ; 1416      ;
; Average fan-out                             ; 2.61      ;
+---------------------------------------------+-----------+


+------------------------------------------------------------------------------------------------------------------------------------------------------------------------------------------------------------+
; Analysis & Synthesis Resource Utilization by Entity                                                                                                                                                        ;
+---------------------------------+-------------------+--------------+-------------+--------------+---------+-----------+------+--------------+-----------------------------------------------+--------------+
; Compilation Hierarchy Node      ; LC Combinationals ; LC Registers ; Memory Bits ; DSP Elements ; DSP 9x9 ; DSP 18x18 ; Pins ; Virtual Pins ; Full Hierarchy Name                           ; Library Name ;
+---------------------------------+-------------------+--------------+-------------+--------------+---------+-----------+------+--------------+-----------------------------------------------+--------------+
; |risc5                          ; 246 (0)           ; 158 (0)      ; 0           ; 0            ; 0       ; 0         ; 69   ; 0            ; |risc5                                        ; work         ;
;    |alu32:inst6|                ; 88 (88)           ; 0 (0)        ; 0           ; 0            ; 0       ; 0         ; 0    ; 0            ; |risc5|alu32:inst6                            ; work         ;
;    |imem:inst|                  ; 6 (6)             ; 0 (0)        ; 0           ; 0            ; 0       ; 0         ; 0    ; 0            ; |risc5|imem:inst                              ; work         ;
;    |lpm_dff2:inst2|             ; 30 (0)            ; 30 (0)       ; 0           ; 0            ; 0       ; 0         ; 0    ; 0            ; |risc5|lpm_dff2:inst2                         ; work         ;
;       |lpm_ff:lpm_ff_component| ; 30 (30)           ; 30 (30)      ; 0           ; 0            ; 0       ; 0         ; 0    ; 0            ; |risc5|lpm_dff2:inst2|lpm_ff:lpm_ff_component ; work         ;
;    |regfile:inst5|              ; 122 (122)         ; 128 (128)    ; 0           ; 0            ; 0       ; 0         ; 0    ; 0            ; |risc5|regfile:inst5                          ; work         ;
+---------------------------------+-------------------+--------------+-------------+--------------+---------+-----------+------+--------------+-----------------------------------------------+--------------+
Note: For table entries with two numbers listed, the numbers in parentheses indicate the number of resources of the given type used by the specific entity alone. The numbers listed outside of parentheses indicate the total resources of the given type used by the specific entity and all of its sub-entities in the hierarchy.


+-------------------------------------------------------------------------------------------------------------+
; Registers Removed During Synthesis                                                                          ;
+------------------------------------------------+------------------------------------------------------------+
; Register name                                  ; Reason for Removal                                         ;
+------------------------------------------------+------------------------------------------------------------+
; lpm_dff2:inst2|lpm_ff:lpm_ff_component|dffs[0] ; Merged with lpm_dff2:inst2|lpm_ff:lpm_ff_component|dffs[1] ;
; lpm_dff2:inst2|lpm_ff:lpm_ff_component|dffs[1] ; Stuck at GND due to stuck port data_in                     ;
; regfile:inst5|reg_array~383                    ; Stuck at GND due to stuck port clock_enable                ;
; regfile:inst5|reg_array~319                    ; Stuck at GND due to stuck port clock_enable                ;
; regfile:inst5|reg_array~351                    ; Stuck at GND due to stuck port clock_enable                ;
; regfile:inst5|reg_array~415                    ; Stuck at GND due to stuck port clock_enable                ;
; regfile:inst5|reg_array~447                    ; Stuck at GND due to stuck port clock_enable                ;
; regfile:inst5|reg_array~479                    ; Stuck at GND due to stuck port clock_enable                ;
; regfile:inst5|reg_array~927                    ; Stuck at GND due to stuck port clock_enable                ;
; regfile:inst5|reg_array~895                    ; Stuck at GND due to stuck port clock_enable                ;
; regfile:inst5|reg_array~831                    ; Stuck at GND due to stuck port clock_enable                ;
; regfile:inst5|reg_array~959                    ; Stuck at GND due to stuck port clock_enable                ;
; regfile:inst5|reg_array~863                    ; Stuck at GND due to stuck port clock_enable                ;
; regfile:inst5|reg_array~991                    ; Stuck at GND due to stuck port clock_enable                ;
; regfile:inst5|reg_array~382                    ; Stuck at GND due to stuck port clock_enable                ;
; regfile:inst5|reg_array~318                    ; Stuck at GND due to stuck port clock_enable                ;
; regfile:inst5|reg_array~350                    ; Stuck at GND due to stuck port clock_enable                ;
; regfile:inst5|reg_array~414                    ; Stuck at GND due to stuck port clock_enable                ;
; regfile:inst5|reg_array~446                    ; Stuck at GND due to stuck port clock_enable                ;
; regfile:inst5|reg_array~478                    ; Stuck at GND due to stuck port clock_enable                ;
; regfile:inst5|reg_array~894                    ; Stuck at GND due to stuck port clock_enable                ;
; regfile:inst5|reg_array~926                    ; Stuck at GND due to stuck port clock_enable                ;
; regfile:inst5|reg_array~830                    ; Stuck at GND due to stuck port clock_enable                ;
; regfile:inst5|reg_array~958                    ; Stuck at GND due to stuck port clock_enable                ;
; regfile:inst5|reg_array~862                    ; Stuck at GND due to stuck port clock_enable                ;
; regfile:inst5|reg_array~990                    ; Stuck at GND due to stuck port clock_enable                ;
; regfile:inst5|reg_array~381                    ; Stuck at GND due to stuck port clock_enable                ;
; regfile:inst5|reg_array~317                    ; Stuck at GND due to stuck port clock_enable                ;
; regfile:inst5|reg_array~349                    ; Stuck at GND due to stuck port clock_enable                ;
; regfile:inst5|reg_array~413                    ; Stuck at GND due to stuck port clock_enable                ;
; regfile:inst5|reg_array~445                    ; Stuck at GND due to stuck port clock_enable                ;
; regfile:inst5|reg_array~477                    ; Stuck at GND due to stuck port clock_enable                ;
; regfile:inst5|reg_array~925                    ; Stuck at GND due to stuck port clock_enable                ;
; regfile:inst5|reg_array~893                    ; Stuck at GND due to stuck port clock_enable                ;
; regfile:inst5|reg_array~829                    ; Stuck at GND due to stuck port clock_enable                ;
; regfile:inst5|reg_array~957                    ; Stuck at GND due to stuck port clock_enable                ;
; regfile:inst5|reg_array~861                    ; Stuck at GND due to stuck port clock_enable                ;
; regfile:inst5|reg_array~989                    ; Stuck at GND due to stuck port clock_enable                ;
; regfile:inst5|reg_array~380                    ; Stuck at GND due to stuck port clock_enable                ;
; regfile:inst5|reg_array~316                    ; Stuck at GND due to stuck port clock_enable                ;
; regfile:inst5|reg_array~348                    ; Stuck at GND due to stuck port clock_enable                ;
; regfile:inst5|reg_array~412                    ; Stuck at GND due to stuck port clock_enable                ;
; regfile:inst5|reg_array~444                    ; Stuck at GND due to stuck port clock_enable                ;
; regfile:inst5|reg_array~476                    ; Stuck at GND due to stuck port clock_enable                ;
; regfile:inst5|reg_array~892                    ; Stuck at GND due to stuck port clock_enable                ;
; regfile:inst5|reg_array~924                    ; Stuck at GND due to stuck port clock_enable                ;
; regfile:inst5|reg_array~828                    ; Stuck at GND due to stuck port clock_enable                ;
; regfile:inst5|reg_array~956                    ; Stuck at GND due to stuck port clock_enable                ;
; regfile:inst5|reg_array~860                    ; Stuck at GND due to stuck port clock_enable                ;
; regfile:inst5|reg_array~988                    ; Stuck at GND due to stuck port clock_enable                ;
; regfile:inst5|reg_array~379                    ; Stuck at GND due to stuck port clock_enable                ;
; regfile:inst5|reg_array~315                    ; Stuck at GND due to stuck port clock_enable                ;
; regfile:inst5|reg_array~347                    ; Stuck at GND due to stuck port clock_enable                ;
; regfile:inst5|reg_array~411                    ; Stuck at GND due to stuck port clock_enable                ;
; regfile:inst5|reg_array~443                    ; Stuck at GND due to stuck port clock_enable                ;
; regfile:inst5|reg_array~475                    ; Stuck at GND due to stuck port clock_enable                ;
; regfile:inst5|reg_array~923                    ; Stuck at GND due to stuck port clock_enable                ;
; regfile:inst5|reg_array~891                    ; Stuck at GND due to stuck port clock_enable                ;
; regfile:inst5|reg_array~827                    ; Stuck at GND due to stuck port clock_enable                ;
; regfile:inst5|reg_array~955                    ; Stuck at GND due to stuck port clock_enable                ;
; regfile:inst5|reg_array~859                    ; Stuck at GND due to stuck port clock_enable                ;
; regfile:inst5|reg_array~987                    ; Stuck at GND due to stuck port clock_enable                ;
; regfile:inst5|reg_array~378                    ; Stuck at GND due to stuck port clock_enable                ;
; regfile:inst5|reg_array~314                    ; Stuck at GND due to stuck port clock_enable                ;
; regfile:inst5|reg_array~346                    ; Stuck at GND due to stuck port clock_enable                ;
; regfile:inst5|reg_array~410                    ; Stuck at GND due to stuck port clock_enable                ;
; regfile:inst5|reg_array~442                    ; Stuck at GND due to stuck port clock_enable                ;
; regfile:inst5|reg_array~474                    ; Stuck at GND due to stuck port clock_enable                ;
; regfile:inst5|reg_array~890                    ; Stuck at GND due to stuck port clock_enable                ;
; regfile:inst5|reg_array~922                    ; Stuck at GND due to stuck port clock_enable                ;
; regfile:inst5|reg_array~826                    ; Stuck at GND due to stuck port clock_enable                ;
; regfile:inst5|reg_array~954                    ; Stuck at GND due to stuck port clock_enable                ;
; regfile:inst5|reg_array~858                    ; Stuck at GND due to stuck port clock_enable                ;
; regfile:inst5|reg_array~986                    ; Stuck at GND due to stuck port clock_enable                ;
; regfile:inst5|reg_array~377                    ; Stuck at GND due to stuck port clock_enable                ;
; regfile:inst5|reg_array~313                    ; Stuck at GND due to stuck port clock_enable                ;
; regfile:inst5|reg_array~345                    ; Stuck at GND due to stuck port clock_enable                ;
; regfile:inst5|reg_array~409                    ; Stuck at GND due to stuck port clock_enable                ;
; regfile:inst5|reg_array~441                    ; Stuck at GND due to stuck port clock_enable                ;
; regfile:inst5|reg_array~473                    ; Stuck at GND due to stuck port clock_enable                ;
; regfile:inst5|reg_array~921                    ; Stuck at GND due to stuck port clock_enable                ;
; regfile:inst5|reg_array~889                    ; Stuck at GND due to stuck port clock_enable                ;
; regfile:inst5|reg_array~825                    ; Stuck at GND due to stuck port clock_enable                ;
; regfile:inst5|reg_array~953                    ; Stuck at GND due to stuck port clock_enable                ;
; regfile:inst5|reg_array~857                    ; Stuck at GND due to stuck port clock_enable                ;
; regfile:inst5|reg_array~985                    ; Stuck at GND due to stuck port clock_enable                ;
; regfile:inst5|reg_array~376                    ; Stuck at GND due to stuck port clock_enable                ;
; regfile:inst5|reg_array~312                    ; Stuck at GND due to stuck port clock_enable                ;
; regfile:inst5|reg_array~344                    ; Stuck at GND due to stuck port clock_enable                ;
; regfile:inst5|reg_array~408                    ; Stuck at GND due to stuck port clock_enable                ;
; regfile:inst5|reg_array~440                    ; Stuck at GND due to stuck port clock_enable                ;
; regfile:inst5|reg_array~472                    ; Stuck at GND due to stuck port clock_enable                ;
; regfile:inst5|reg_array~888                    ; Stuck at GND due to stuck port clock_enable                ;
; regfile:inst5|reg_array~920                    ; Stuck at GND due to stuck port clock_enable                ;
; regfile:inst5|reg_array~824                    ; Stuck at GND due to stuck port clock_enable                ;
; regfile:inst5|reg_array~952                    ; Stuck at GND due to stuck port clock_enable                ;
; regfile:inst5|reg_array~856                    ; Stuck at GND due to stuck port clock_enable                ;
; regfile:inst5|reg_array~984                    ; Stuck at GND due to stuck port clock_enable                ;
; regfile:inst5|reg_array~375                    ; Stuck at GND due to stuck port clock_enable                ;
; regfile:inst5|reg_array~311                    ; Stuck at GND due to stuck port clock_enable                ;
; Total Number of Removed Registers = 898        ;                                                            ;
+------------------------------------------------+------------------------------------------------------------+
* Table truncated at 100 items. To change the number of removed registers reported, set the "Number of Removed Registers Reported" option under Assignments->Settings->Analysis and Synthesis Settings->More Settings


+------------------------------------------------------+
; General Register Statistics                          ;
+----------------------------------------------+-------+
; Statistic                                    ; Value ;
+----------------------------------------------+-------+
; Total registers                              ; 158   ;
; Number of registers using Synchronous Clear  ; 0     ;
; Number of registers using Synchronous Load   ; 0     ;
; Number of registers using Asynchronous Clear ; 30    ;
; Number of registers using Asynchronous Load  ; 0     ;
; Number of registers using Clock Enable       ; 128   ;
; Number of registers using Preset             ; 0     ;
+----------------------------------------------+-------+


+------------------------------------------------------------------------------------------------------------------------------------------+
; Multiplexer Restructuring Statistics (Restructuring Performed)                                                                           ;
+--------------------+-----------+---------------+----------------------+------------------------+------------+----------------------------+
; Multiplexer Inputs ; Bus Width ; Baseline Area ; Area if Restructured ; Saving if Restructured ; Registered ; Example Multiplexer Output ;
+--------------------+-----------+---------------+----------------------+------------------------+------------+----------------------------+
; 6:1                ; 8 bits    ; 32 LEs        ; 24 LEs               ; 8 LEs                  ; No         ; |risc5|alu32:inst6|Add0    ;
+--------------------+-----------+---------------+----------------------+------------------------+------------+----------------------------+


+-------------------------------------------------------------------------------------+
; Parameter Settings for User Entity Instance: lpm_dff2:inst2|lpm_ff:lpm_ff_component ;
+------------------------+-------------+----------------------------------------------+
; Parameter Name         ; Value       ; Type                                         ;
+------------------------+-------------+----------------------------------------------+
; LPM_WIDTH              ; 32          ; Signed Integer                               ;
; LPM_AVALUE             ; UNUSED      ; Untyped                                      ;
; LPM_SVALUE             ; UNUSED      ; Untyped                                      ;
; LPM_FFTYPE             ; DFF         ; Untyped                                      ;
; DEVICE_FAMILY          ; Cyclone III ; Untyped                                      ;
; CBXI_PARAMETER         ; NOTHING     ; Untyped                                      ;
; AUTO_CARRY_CHAINS      ; ON          ; AUTO_CARRY                                   ;
; IGNORE_CARRY_BUFFERS   ; OFF         ; IGNORE_CARRY                                 ;
; AUTO_CASCADE_CHAINS    ; ON          ; AUTO_CASCADE                                 ;
; IGNORE_CASCADE_BUFFERS ; OFF         ; IGNORE_CASCADE                               ;
+------------------------+-------------+----------------------------------------------+
Note: In order to hide this table in the UI and the text report file, please set the "Show Parameter Settings Tables in Synthesis Report" option in "Analysis and Synthesis Settings -> More Settings" to "Off".


+---------------------------------------------------------------------------------------+
; Parameter Settings for User Entity Instance: lpm_mux8:inst7|lpm_mux:lpm_mux_component ;
+------------------------+-------------+------------------------------------------------+
; Parameter Name         ; Value       ; Type                                           ;
+------------------------+-------------+------------------------------------------------+
; AUTO_CARRY_CHAINS      ; ON          ; AUTO_CARRY                                     ;
; IGNORE_CARRY_BUFFERS   ; OFF         ; IGNORE_CARRY                                   ;
; AUTO_CASCADE_CHAINS    ; ON          ; AUTO_CASCADE                                   ;
; IGNORE_CASCADE_BUFFERS ; OFF         ; IGNORE_CASCADE                                 ;
; LPM_WIDTH              ; 32          ; Signed Integer                                 ;
; LPM_SIZE               ; 2           ; Signed Integer                                 ;
; LPM_WIDTHS             ; 1           ; Signed Integer                                 ;
; LPM_PIPELINE           ; 0           ; Untyped                                        ;
; CBXI_PARAMETER         ; mux_irc     ; Untyped                                        ;
; DEVICE_FAMILY          ; Cyclone III ; Untyped                                        ;
+------------------------+-------------+------------------------------------------------+
Note: In order to hide this table in the UI and the text report file, please set the "Show Parameter Settings Tables in Synthesis Report" option in "Analysis and Synthesis Settings -> More Settings" to "Off".


+---------------------------------------------------------------------------------------+
; Parameter Settings for User Entity Instance: lpm_mux9:inst8|lpm_mux:lpm_mux_component ;
+------------------------+-------------+------------------------------------------------+
; Parameter Name         ; Value       ; Type                                           ;
+------------------------+-------------+------------------------------------------------+
; AUTO_CARRY_CHAINS      ; ON          ; AUTO_CARRY                                     ;
; IGNORE_CARRY_BUFFERS   ; OFF         ; IGNORE_CARRY                                   ;
; AUTO_CASCADE_CHAINS    ; ON          ; AUTO_CASCADE                                   ;
; IGNORE_CASCADE_BUFFERS ; OFF         ; IGNORE_CASCADE                                 ;
; LPM_WIDTH              ; 20          ; Signed Integer                                 ;
; LPM_SIZE               ; 2           ; Signed Integer                                 ;
; LPM_WIDTHS             ; 1           ; Signed Integer                                 ;
; LPM_PIPELINE           ; 0           ; Untyped                                        ;
; CBXI_PARAMETER         ; mux_frc     ; Untyped                                        ;
; DEVICE_FAMILY          ; Cyclone III ; Untyped                                        ;
+------------------------+-------------+------------------------------------------------+
Note: In order to hide this table in the UI and the text report file, please set the "Show Parameter Settings Tables in Synthesis Report" option in "Analysis and Synthesis Settings -> More Settings" to "Off".


+-------------------------------+
; Analysis & Synthesis Messages ;
+-------------------------------+
Info: *******************************************************************
Info: Running Quartus II Analysis & Synthesis
    Info: Version 9.0 Build 132 02/25/2009 SJ Full Version
    Info: Processing started: Wed Oct 18 16:56:02 2023
Info: Command: quartus_map --read_settings_files=on --write_settings_files=off risc5 -c risc5
Info: Found 1 design units, including 1 entities, in source file alu32.v
    Info: Found entity 1: alu32
Info: Found 1 design units, including 1 entities, in source file imem.v
    Info: Found entity 1: imem
Info: Found 1 design units, including 1 entities, in source file regfile.v
    Info: Found entity 1: regfile
Info: Found 1 design units, including 1 entities, in source file risc5.bdf
    Info: Found entity 1: risc5
Info: Found 1 design units, including 1 entities, in source file imm_gen.v
    Info: Found entity 1: imm_gen
Info: Found 1 design units, including 1 entities, in source file dmem.v
    Info: Found entity 1: dmem
Info: Found 1 design units, including 1 entities, in source file lpm_dff0.v
    Info: Found entity 1: lpm_dff0
Info: Found 2 design units, including 2 entities, in source file lpm_constant0.v
    Info: Found entity 1: lpm_constant0_lpm_constant_v09
    Info: Found entity 2: lpm_constant0
Info: Found 1 design units, including 1 entities, in source file lpm_mux0.v
    Info: Found entity 1: lpm_mux0
Info: Found 1 design units, including 1 entities, in source file lpm_mux1.v
    Info: Found entity 1: lpm_mux1
Info: Found 1 design units, including 1 entities, in source file lpm_mux2.v
    Info: Found entity 1: lpm_mux2
Info: Found 1 design units, including 1 entities, in source file lpm_mux3.v
    Info: Found entity 1: lpm_mux3
Info: Found 1 design units, including 1 entities, in source file control_rom.v
    Info: Found entity 1: control_rom
Info: Found 1 design units, including 1 entities, in source file lpm_dff1.v
    Info: Found entity 1: lpm_dff1
Info: Found 2 design units, including 2 entities, in source file lpm_constant1.v
    Info: Found entity 1: lpm_constant1_lpm_constant_v09
    Info: Found entity 2: lpm_constant1
Info: Found 1 design units, including 1 entities, in source file lpm_mux4.v
    Info: Found entity 1: lpm_mux4
Info: Found 1 design units, including 1 entities, in source file lpm_mux5.v
    Info: Found entity 1: lpm_mux5
Info: Found 1 design units, including 1 entities, in source file lpm_mux6.v
    Info: Found entity 1: lpm_mux6
Info: Found 1 design units, including 1 entities, in source file lpm_mux7.v
    Info: Found entity 1: lpm_mux7
Info: Found 1 design units, including 1 entities, in source file lpm_dff2.v
    Info: Found entity 1: lpm_dff2
Info: Found 2 design units, including 2 entities, in source file lpm_constant2.v
    Info: Found entity 1: lpm_constant2_lpm_constant_v09
    Info: Found entity 2: lpm_constant2
Info: Found 1 design units, including 1 entities, in source file lpm_mux8.v
    Info: Found entity 1: lpm_mux8
Info: Found 1 design units, including 1 entities, in source file lpm_mux9.v
    Info: Found entity 1: lpm_mux9
Info: Elaborating entity "risc5" for the top level hierarchy
Info: Elaborating entity "control_rom" for hierarchy "control_rom:inst11"
Info: Elaborating entity "imem" for hierarchy "imem:inst"
Info: Elaborating entity "lpm_dff2" for hierarchy "lpm_dff2:inst2"
Info: Elaborating entity "lpm_ff" for hierarchy "lpm_dff2:inst2|lpm_ff:lpm_ff_component"
Info: Elaborated megafunction instantiation "lpm_dff2:inst2|lpm_ff:lpm_ff_component"
Info: Instantiated megafunction "lpm_dff2:inst2|lpm_ff:lpm_ff_component" with the following parameter:
    Info: Parameter "lpm_fftype" = "DFF"
    Info: Parameter "lpm_type" = "LPM_FF"
    Info: Parameter "lpm_width" = "32"
Info: Elaborating entity "alu32" for hierarchy "alu32:inst1"
Info: Elaborating entity "lpm_constant2" for hierarchy "lpm_constant2:inst3"
Info: Elaborating entity "lpm_constant2_lpm_constant_v09" for hierarchy "lpm_constant2:inst3|lpm_constant2_lpm_constant_v09:lpm_constant2_lpm_constant_v09_component"
Info: Elaborating entity "regfile" for hierarchy "regfile:inst5"
Info: Elaborating entity "lpm_mux8" for hierarchy "lpm_mux8:inst7"
Info: Elaborating entity "lpm_mux" for hierarchy "lpm_mux8:inst7|lpm_mux:lpm_mux_component"
Info: Elaborated megafunction instantiation "lpm_mux8:inst7|lpm_mux:lpm_mux_component"
Info: Instantiated megafunction "lpm_mux8:inst7|lpm_mux:lpm_mux_component" with the following parameter:
    Info: Parameter "lpm_size" = "2"
    Info: Parameter "lpm_type" = "LPM_MUX"
    Info: Parameter "lpm_width" = "32"
    Info: Parameter "lpm_widths" = "1"
Info: Found 1 design units, including 1 entities, in source file db/mux_irc.tdf
    Info: Found entity 1: mux_irc
Info: Elaborating entity "mux_irc" for hierarchy "lpm_mux8:inst7|lpm_mux:lpm_mux_component|mux_irc:auto_generated"
Info: Elaborating entity "lpm_mux9" for hierarchy "lpm_mux9:inst8"
Info: Elaborating entity "lpm_mux" for hierarchy "lpm_mux9:inst8|lpm_mux:lpm_mux_component"
Info: Elaborated megafunction instantiation "lpm_mux9:inst8|lpm_mux:lpm_mux_component"
Info: Instantiated megafunction "lpm_mux9:inst8|lpm_mux:lpm_mux_component" with the following parameter:
    Info: Parameter "lpm_size" = "2"
    Info: Parameter "lpm_type" = "LPM_MUX"
    Info: Parameter "lpm_width" = "20"
    Info: Parameter "lpm_widths" = "1"
Info: Found 1 design units, including 1 entities, in source file db/mux_frc.tdf
    Info: Found entity 1: mux_frc
Info: Elaborating entity "mux_frc" for hierarchy "lpm_mux9:inst8|lpm_mux:lpm_mux_component|mux_frc:auto_generated"
Info: Found 1 instances of uninferred RAM logic
    Info: RAM logic "regfile:inst5|reg_array" is uninferred due to asynchronous read logic
Warning: Output pins are stuck at VCC or GND
    Warning (13410): Pin "pin_name" is stuck at GND
    Warning (13410): Pin "pc_out[1]" is stuck at GND
    Warning (13410): Pin "pc_out[0]" is stuck at GND
    Warning (13410): Pin "pin_name12" is stuck at GND
    Warning (13410): Pin "pin_name13" is stuck at GND
Info: 408 registers lost all their fanouts during netlist optimizations. The first 100 are displayed below.
    Info: Register "regfile:inst5|reg_array~671" lost all its fanouts during netlist optimizations.
    Info: Register "regfile:inst5|reg_array~799" lost all its fanouts during netlist optimizations.
    Info: Register "regfile:inst5|reg_array~543" lost all its fanouts during netlist optimizations.
    Info: Register "regfile:inst5|reg_array~767" lost all its fanouts during netlist optimizations.
    Info: Register "regfile:inst5|reg_array~639" lost all its fanouts during netlist optimizations.
    Info: Register "regfile:inst5|reg_array~1023" lost all its fanouts during netlist optimizations.
    Info: Register "regfile:inst5|reg_array~575" lost all its fanouts during netlist optimizations.
    Info: Register "regfile:inst5|reg_array~703" lost all its fanouts during netlist optimizations.
    Info: Register "regfile:inst5|reg_array~607" lost all its fanouts during netlist optimizations.
    Info: Register "regfile:inst5|reg_array~735" lost all its fanouts during netlist optimizations.
    Info: Register "regfile:inst5|reg_array~766" lost all its fanouts during netlist optimizations.
    Info: Register "regfile:inst5|reg_array~638" lost all its fanouts during netlist optimizations.
    Info: Register "regfile:inst5|reg_array~1022" lost all its fanouts during netlist optimizations.
    Info: Register "regfile:inst5|reg_array~798" lost all its fanouts during netlist optimizations.
    Info: Register "regfile:inst5|reg_array~670" lost all its fanouts during netlist optimizations.
    Info: Register "regfile:inst5|reg_array~542" lost all its fanouts during netlist optimizations.
    Info: Register "regfile:inst5|reg_array~574" lost all its fanouts during netlist optimizations.
    Info: Register "regfile:inst5|reg_array~702" lost all its fanouts during netlist optimizations.
    Info: Register "regfile:inst5|reg_array~606" lost all its fanouts during netlist optimizations.
    Info: Register "regfile:inst5|reg_array~734" lost all its fanouts during netlist optimizations.
    Info: Register "regfile:inst5|reg_array~669" lost all its fanouts during netlist optimizations.
    Info: Register "regfile:inst5|reg_array~797" lost all its fanouts during netlist optimizations.
    Info: Register "regfile:inst5|reg_array~541" lost all its fanouts during netlist optimizations.
    Info: Register "regfile:inst5|reg_array~765" lost all its fanouts during netlist optimizations.
    Info: Register "regfile:inst5|reg_array~637" lost all its fanouts during netlist optimizations.
    Info: Register "regfile:inst5|reg_array~1021" lost all its fanouts during netlist optimizations.
    Info: Register "regfile:inst5|reg_array~573" lost all its fanouts during netlist optimizations.
    Info: Register "regfile:inst5|reg_array~701" lost all its fanouts during netlist optimizations.
    Info: Register "regfile:inst5|reg_array~605" lost all its fanouts during netlist optimizations.
    Info: Register "regfile:inst5|reg_array~733" lost all its fanouts during netlist optimizations.
    Info: Register "regfile:inst5|reg_array~764" lost all its fanouts during netlist optimizations.
    Info: Register "regfile:inst5|reg_array~636" lost all its fanouts during netlist optimizations.
    Info: Register "regfile:inst5|reg_array~1020" lost all its fanouts during netlist optimizations.
    Info: Register "regfile:inst5|reg_array~796" lost all its fanouts during netlist optimizations.
    Info: Register "regfile:inst5|reg_array~668" lost all its fanouts during netlist optimizations.
    Info: Register "regfile:inst5|reg_array~540" lost all its fanouts during netlist optimizations.
    Info: Register "regfile:inst5|reg_array~572" lost all its fanouts during netlist optimizations.
    Info: Register "regfile:inst5|reg_array~700" lost all its fanouts during netlist optimizations.
    Info: Register "regfile:inst5|reg_array~604" lost all its fanouts during netlist optimizations.
    Info: Register "regfile:inst5|reg_array~732" lost all its fanouts during netlist optimizations.
    Info: Register "regfile:inst5|reg_array~667" lost all its fanouts during netlist optimizations.
    Info: Register "regfile:inst5|reg_array~795" lost all its fanouts during netlist optimizations.
    Info: Register "regfile:inst5|reg_array~539" lost all its fanouts during netlist optimizations.
    Info: Register "regfile:inst5|reg_array~763" lost all its fanouts during netlist optimizations.
    Info: Register "regfile:inst5|reg_array~635" lost all its fanouts during netlist optimizations.
    Info: Register "regfile:inst5|reg_array~1019" lost all its fanouts during netlist optimizations.
    Info: Register "regfile:inst5|reg_array~571" lost all its fanouts during netlist optimizations.
    Info: Register "regfile:inst5|reg_array~699" lost all its fanouts during netlist optimizations.
    Info: Register "regfile:inst5|reg_array~603" lost all its fanouts during netlist optimizations.
    Info: Register "regfile:inst5|reg_array~731" lost all its fanouts during netlist optimizations.
    Info: Register "regfile:inst5|reg_array~762" lost all its fanouts during netlist optimizations.
    Info: Register "regfile:inst5|reg_array~634" lost all its fanouts during netlist optimizations.
    Info: Register "regfile:inst5|reg_array~1018" lost all its fanouts during netlist optimizations.
    Info: Register "regfile:inst5|reg_array~794" lost all its fanouts during netlist optimizations.
    Info: Register "regfile:inst5|reg_array~666" lost all its fanouts during netlist optimizations.
    Info: Register "regfile:inst5|reg_array~538" lost all its fanouts during netlist optimizations.
    Info: Register "regfile:inst5|reg_array~570" lost all its fanouts during netlist optimizations.
    Info: Register "regfile:inst5|reg_array~698" lost all its fanouts during netlist optimizations.
    Info: Register "regfile:inst5|reg_array~602" lost all its fanouts during netlist optimizations.
    Info: Register "regfile:inst5|reg_array~730" lost all its fanouts during netlist optimizations.
    Info: Register "regfile:inst5|reg_array~665" lost all its fanouts during netlist optimizations.
    Info: Register "regfile:inst5|reg_array~793" lost all its fanouts during netlist optimizations.
    Info: Register "regfile:inst5|reg_array~537" lost all its fanouts during netlist optimizations.
    Info: Register "regfile:inst5|reg_array~761" lost all its fanouts during netlist optimizations.
    Info: Register "regfile:inst5|reg_array~633" lost all its fanouts during netlist optimizations.
    Info: Register "regfile:inst5|reg_array~1017" lost all its fanouts during netlist optimizations.
    Info: Register "regfile:inst5|reg_array~569" lost all its fanouts during netlist optimizations.
    Info: Register "regfile:inst5|reg_array~697" lost all its fanouts during netlist optimizations.
    Info: Register "regfile:inst5|reg_array~601" lost all its fanouts during netlist optimizations.
    Info: Register "regfile:inst5|reg_array~729" lost all its fanouts during netlist optimizations.
    Info: Register "regfile:inst5|reg_array~760" lost all its fanouts during netlist optimizations.
    Info: Register "regfile:inst5|reg_array~632" lost all its fanouts during netlist optimizations.
    Info: Register "regfile:inst5|reg_array~1016" lost all its fanouts during netlist optimizations.
    Info: Register "regfile:inst5|reg_array~792" lost all its fanouts during netlist optimizations.
    Info: Register "regfile:inst5|reg_array~664" lost all its fanouts during netlist optimizations.
    Info: Register "regfile:inst5|reg_array~536" lost all its fanouts during netlist optimizations.
    Info: Register "regfile:inst5|reg_array~568" lost all its fanouts during netlist optimizations.
    Info: Register "regfile:inst5|reg_array~696" lost all its fanouts during netlist optimizations.
    Info: Register "regfile:inst5|reg_array~600" lost all its fanouts during netlist optimizations.
    Info: Register "regfile:inst5|reg_array~728" lost all its fanouts during netlist optimizations.
    Info: Register "regfile:inst5|reg_array~663" lost all its fanouts during netlist optimizations.
    Info: Register "regfile:inst5|reg_array~791" lost all its fanouts during netlist optimizations.
    Info: Register "regfile:inst5|reg_array~535" lost all its fanouts during netlist optimizations.
    Info: Register "regfile:inst5|reg_array~759" lost all its fanouts during netlist optimizations.
    Info: Register "regfile:inst5|reg_array~631" lost all its fanouts during netlist optimizations.
    Info: Register "regfile:inst5|reg_array~1015" lost all its fanouts during netlist optimizations.
    Info: Register "regfile:inst5|reg_array~567" lost all its fanouts during netlist optimizations.
    Info: Register "regfile:inst5|reg_array~695" lost all its fanouts during netlist optimizations.
    Info: Register "regfile:inst5|reg_array~599" lost all its fanouts during netlist optimizations.
    Info: Register "regfile:inst5|reg_array~727" lost all its fanouts during netlist optimizations.
    Info: Register "regfile:inst5|reg_array~758" lost all its fanouts during netlist optimizations.
    Info: Register "regfile:inst5|reg_array~630" lost all its fanouts during netlist optimizations.
    Info: Register "regfile:inst5|reg_array~1014" lost all its fanouts during netlist optimizations.
    Info: Register "regfile:inst5|reg_array~790" lost all its fanouts during netlist optimizations.
    Info: Register "regfile:inst5|reg_array~662" lost all its fanouts during netlist optimizations.
    Info: Register "regfile:inst5|reg_array~534" lost all its fanouts during netlist optimizations.
    Info: Register "regfile:inst5|reg_array~566" lost all its fanouts during netlist optimizations.
    Info: Register "regfile:inst5|reg_array~694" lost all its fanouts during netlist optimizations.
    Info: Register "regfile:inst5|reg_array~598" lost all its fanouts during netlist optimizations.
    Info: Register "regfile:inst5|reg_array~726" lost all its fanouts during netlist optimizations.
    Info: List truncated at 100 items
Info: Implemented 443 device resources after synthesis - the final resource count might be different
    Info: Implemented 2 input pins
    Info: Implemented 67 output pins
    Info: Implemented 374 logic cells
Info: Quartus II Analysis & Synthesis was successful. 0 errors, 6 warnings
    Info: Peak virtual memory: 232 megabytes
    Info: Processing ended: Wed Oct 18 16:56:05 2023
    Info: Elapsed time: 00:00:03
    Info: Total CPU time (on all processors): 00:00:03


